// Jest Snapshot v1, https://goo.gl/fbAQLP

exports[`cardlist tests expect to render cardlist component 1`] = `ShallowWrapper {}`;
