// Jest Snapshot v1, https://goo.gl/fbAQLP

exports[`card tests expect to render card component 1`] = `ShallowWrapper {}`;
