// Jest Snapshot v1, https://goo.gl/fbAQLP

exports[`counter button tests expect to render counter button component 1`] = `ShallowWrapper {}`;
