// Jest Snapshot v1, https://goo.gl/fbAQLP

exports[`error boundary tests expect to render error boundary component 1`] = `ShallowWrapper {}`;
