// Jest Snapshot v1, https://goo.gl/fbAQLP

exports[`searchbox tests expect to render header component 1`] = `ShallowWrapper {}`;
