// Jest Snapshot v1, https://goo.gl/fbAQLP

exports[`scroll tests expect to render scroll component 1`] = `ShallowWrapper {}`;
