// Jest Snapshot v1, https://goo.gl/fbAQLP

exports[`searchbox tests expect to render searchbox component 1`] = `ShallowWrapper {}`;
